V3 7
FL "D:/Profiles/b07885/Desktop/maestria/diseno micros/cobalt/src/hdl/src/execunits/div/divider.vhd" 2010/04/24.14:36:03 J.36
EN work/divider 1273703152 \
      FL "D:/Profiles/b07885/Desktop/maestria/diseno micros/cobalt/src/hdl/src/execunits/div/divider.vhd" \
      PB ieee/std_logic_1164 1177545575 PB ieee/std_logic_arith 1177545576 \
      PB ieee/STD_LOGIC_SIGNED 1177545582
AR work/divider/divid 1273703153 \
      FL "D:/Profiles/b07885/Desktop/maestria/diseno micros/cobalt/src/hdl/src/execunits/div/divider.vhd" \
      EN work/divider 1273703152 CP divider_core
FL "D:/Profiles/b07885/Desktop/maestria/diseno micros/cobalt/src/hdl/src/execunits/div/divider_core.vhd" 2010/04/24.14:24:19 J.36
EN work/divider_core 1273703150 \
      FL "D:/Profiles/b07885/Desktop/maestria/diseno micros/cobalt/src/hdl/src/execunits/div/divider_core.vhd" \
      PB ieee/std_logic_1164 1177545575 PB ieee/std_logic_arith 1177545576 \
      PB ieee/STD_LOGIC_UNSIGNED 1177545583
AR work/divider_core/behv 1273703151 \
      FL "D:/Profiles/b07885/Desktop/maestria/diseno micros/cobalt/src/hdl/src/execunits/div/divider_core.vhd" \
      EN work/divider_core 1273703150
